O O O O O O O O O O O O O O
O O O O O O O O O O O O O O O O O O O O O O O O O O
O O B-Job O O O O O O O O
O O O B-Sibl I-Sibl I-Sibl I-Sibl O O
O O O O O O O O O O O O O O O O O O O O O O O
O B-Child I-Child O O B-Child I-Child O O O
O O O O O O O
O O O O O
O O O O O O O O O
O O O O O O O O O O O O O
O B-Sibl I-Sibl O B-Sibl I-Sibl O O O O
O O O O O B-Resist O O O O O O
O O O B-Gend O O O B-Resist O O O O O B-Sibl I-Sibl I-Sibl I-Sibl
O O O O O O O O
O B-Job I-Job O O O O O O O
O O B-Hobby O O O O O O O O O O O O O O O O O O
O O O O O O O O O O O
O O O
O O O O O O O O O O
O O O B-Hobby O O O O O O O
O O O O O O O O O
O O O O O O O O O O O O O O
O O O O O O O O O O O O O O O O O O O O O O O O O O O O O O
O O O O O O O O O O
O O O O O O O O O O O O O O O O O O O O O O O O O O O O O O O O O
O O O O O O O
O O B-Hobby O O O O O O O O O O O O O O O
O O O O O O O O O O O O O
O O O O O O B-Hobby I-Hobby O O O O O O O O O O O O O
O O O O O O O O O O O O O O O O O O
O O O O O O O O O O O O O O O O
O O O O O O O O O O O O O O O O O O
O O O O O O O O O O O O O O O O O O O O O O O
O O O O O O
O B-Job O O O B-Hobby O B-Hobby O O O
O B-Age I-Age O O O O O O
O O O O O B-Hobby I-Hobby O
O O O O O O O O O O O
O O O O O O O O O O O O O
O O O O O O O O O O O O O O O O O O O
O O O O O O O O
O O O O O O O O O O O O O O B-Job I-Job I-Job O O O O O O O O
O O O O O
O O B-Sibl I-Sibl O B-Sibl I-Sibl O O O O
O O O O O O O O O O O O O O
O O O O O O O
O O O O B-Job O O O O O
O O O
O O O B-Resist O O
O O O O O O O O O
O O B-Job O O O O O O O
O O O O O O O O O O O O O O O O O O O O O O O O
O O O O O
O O O O O O O O
O O O O O O O O
O O O O O O O O O O O O O O O
O O O O O O O O
O O O O O O O O O O O O O O O O O O O O O O O
O O O O O O O
O O O O O O O O O B-Hobby O O O O
O O O O B-Name O O O O O O
O B-Age I-Age O O O B-Resist O O O O O O O O O O O
O O O O O O
O O O O O O O O O O O O O O O O O O O O O O O O O O O O O
O O B-Hobby I-Hobby O O O O O O O O
O O O O O B-Hobby O O O O O O
O O O O O O O
O O O O O O O O O O O O O O O O O O O
O O O O O O O O O O O
O O O O O O O O O O O O O O O O O O
O O O B-Name O O O O O O O O
O O O O O O O O O O O O O O O O O O O O O O O O O O O O O
O B-Job O O O O O O O O
O O O O O O O
O O O O O O O O O O O O
O O B-Sibl I-Sibl O O O O
O O O O O O O O O O O O O
O O O O O O O O O
O O O O O O O O O O O O O O O O O O O
O O O O O O O O O O O O O
O O O O B-Name O O O O O
O O O B-Marri O O O O O O O O O O
O O O O O
O B-Job I-Job O O O O B-Hobby O O O O O O O O O O
O O O O O O O O O O O O O O O O O O O
O O O O O O O O
O O O O O O O O O O O O O O
O O O O O O O O O O O O O O O O O O
O O B-Age I-Age O O O O O O O O O O O O O O O O O O O O O O O O
O O O O O O B-Name O O O O
O O B-Hobby I-Hobby I-Hobby O O O O O O B-Hobby I-Hobby O O O O O O O O O O O O O O O O O O
O
O O O O O B-Hobby I-Hobby O O O O O O O O O O O O O O O O O O O O O O O O O O
O O O O O O O O O O O O O O
O O O
O B-Job O O O O O O O O O O O O O
O O O O O O O O
O O O
O
O O B-Hobby I-Hobby O O O O O O O O O O O O O
O O O O O
O O O O O O O O O O
O O O O
O B-Job O O O O O O O O O O O O
O O O O O O O O O O
O O O B-Resist O O O O O O O
O O O O O O O O O O O O O O O O
O O O O O O O O O O B-Hobby O O O
O O O O O O O O
O O O O B-Name O O O O O
O O O O O O O
O O O O O O B-Hobby O O O O O O O O
O O O B-Job I-Job O O O O O
O O O O O O O O O O O O O O O O O O O O O O O
O O O O O O O O O O O O O O O O O O O O O O O
O O O O O O O O
O O O O O O O O O O O O O O O O O O O O O
O O O O
O O O O O O O
O O O O O O
O O O O O O
O O O O O O O O O O O O O O O O O O O O O O O
O O O O O O O O O O O O O O O O O
O O O B-Name O O O O O O O
O O O O B-Name O
O O B-Sibl I-Sibl O B-Sibl I-Sibl O O O O
O O O O O O O O O O O
O O O O O O O O O O O O O O O O O O O O
O O O O O O O O O O
O O O O O O O O O O O O O O O
O O O O O O O O O O O O O O O O O O O
O O O O O O O O O O O O
O O O B-Name O O
O O O O O O O O O O O O O O O
O O O O O O O O O O O O O O O O
O O O B-Hobby O O O O O O O O
O O O O B-Hobby O O B-Hobby O O O O O
O O O O O
O O O O O O O
O O O O
B-Resist
O O O B-Resist O O O O O O O
O O O O O O O O O O O O O O O O O O O O O O O O O O O O O O O O O O O O O O
O O O O O O O O O O
O O O O O O O O O O O O O O O O
O O O O O O O O O O O O O O O O O O O O O O O O
O O O O B-Hobby O O O B-Hobby O B-Hobby O O O O
O O O O O O O O O O
O O O O B-Job O O O O O O O B-Hobby O O
O O O O
O O O O O O O O O O O O O O O O O O O O O O O
O O O O O O O O O O O O O O O O O O O O
O O O B-Hobby O O O O O O O O
O O O O O O O
O O O O O O O O O
O O O O O
O O
O B-Name O
O O O O O O O O O
O O O O O O O O
O O O O O O O
O O O O O O O
O O O O O O O O O O O O O O O O O O O O O O O O O
O O O O O O O O O O O
O O O O O O O O
O O O O O O B-Resist O O O O O O O O O
O O O O O O O O O O O O O O
O O B-Resist O O O
O O O O O O O O O O O O O O
O O O O O
O O O O B-Hobby O O O O O
O O O O O O O O O O O O O O O O O O O O O O O
O O O O O O O O O O O O O O O O
O O O O O O
O O O O O O O O
O O O O O O O O O O O O O O O O O O O O O
O O O O O O O
O O O O
O O O B-Hobby O O O O O B-Hobby O O O O O O O O
O O O O O O O O O O
O O O O B-Name O O
O O O O O O O O O O O O O O O O O O O O O O O O O O O O O
O O O
O O O O O O B-Hobby I-Hobby O B-Hobby I-Hobby O O O O O O O O O O O O O O
O O B-Child I-Child O O O O O O
O O O B-Resist O O O O O O
O O O O O O O O O O O O O O O
O O O O O O O O O O O O O O O O O
O O O O O O O O O O O O O O O O
O O O O O O O O O O
O O B-Hobby I-Hobby O O O O O O O O O O O O O O O O O O O O O
O O O O O O O O O O O O O
O O O O O O O O O O O O O O O O O O O O O O O O O
O O O O O O O O O O
O O O B-Resist O O O O O O O O O O
O O O B-Hobby I-Hobby I-Hobby O B-Hobby I-Hobby I-Hobby O O O O O O O O O
O O O O
O O O
O
O O O O O O O O O O O O O O O O O O O O O O O O
O B-Child I-Child O B-Child I-Child O O O O O
O B-Marri O O O O O O O O O O O O O O O
O O O O O O O O O O O
O O B-Hobby I-Hobby O O O O O O O O O O
O O O O O O O O O O O O O O O O
O O O O O O O O O O
O O O O O O O O O
O O O O O O O O O O O O O O O O O O O O O O
O O O O O O O O O O
O O O O O O O O O O O O O O O O O O O O
O O O B-Job O O O O O O O O O
O O B-Resist O O O O O O O
O O O O O O O O O O O O
O O O O O O O O O
O O O O O O O O O O O O O O O O O
O O B-Resist O O O O O O
O O O O O O O O O O O O O O O O O O O O
O O O O O O O O O O O
O O O O O O O
O O O O O O
O O B-Marri O O
O O O
O O O O O
O O B-Resist O O O O O
O B-Name O O O O O O O
O O O O O
O O O B-Resist O O O O O O
O B-Job O O O O O O
O O O O O O O O O O O O O
O O O O O O O O O O
O O O O O O O O O O O O O O O O O O
O O O O O O O O O
O O O O
O O B-Child I-Child
O O O
O O O O O O O O O O O O O O
O B-Hobby I-Hobby O O O O O O O O O O
O O O O O O O O O O O O O O O O O O O O O O O O
O O O O O O O O O O O O O O O O O O O O O
O O O O O O
O O
O B-Age I-Age O O O O O
O O O O O O O O B-Resist O O
O O O O O O O O O O O O
O O O O O O B-Hobby I-Hobby I-Hobby I-Hobby O O
O B-Name O O O B-Resist O O O O O O O
O O O O O O
O O B-Hobby I-Hobby O B-Hobby O B-Hobby O O O O O
O O O O O O O B-Name O
O O O O O O O O O
O O O B-Hobby O O O O O O O O O
O O O O O O O O O O O O O O O
O O O O B-Hobby O B-Hobby I-Hobby I-Hobby O O O
O O O B-Name O O O B-Job O O O O
O O O O O O O O O O O O
O O O O O O O O O O
O O O O
O B-Job O O O O O O O O O
O O O O O O O O O O O O O O O
O B-Job I-Job I-Job O O O O O O O O O
O O O O O O O O O O O O O O O O O O
O O O O O O O O O O O O O O O O O O O O O
O O O O O O
O
O O O O O B-Age I-Age O O O B-Resist O O O O O O O O
O B-Name O O O
O O O O O O O
O O O O O O O O O O O
O B-Job O
O O O O O
B-Age I-Age O O O O O
O O O O
O O O O O O O O O O O O
O O O O O B-Resist O O O
O O O O O O O O O O O O O O O
O O B-Hobby I-Hobby I-Hobby O O O O O O O O O
O O O O O O O O O O
O O O O O O O O O O O
O O B-Child I-Child O O O B-Job O O O O O O O
O O O O O O O O O O
O O O B-Hobby O O O O O O
O O O O O O O O O O O O O O O O O O O O
O O O O O O O O
O O O O O O O O O O O O O O O O O O O O O O O O O B-Job O O O
O O
O O O O O O O O O O
B-Child I-Child O O O O
O O O B-Hobby O O O
O O B-Child I-Child O B-Child I-Child I-Child O O O
O O O O O
O O O B-Job O O O
O O O O O O O O O O
O O O O O O O O O O O O O O O O O O O O O O
O O O O O O O O O
O O O O O O O O O
O O O O O O O O O O O O O O O O O O O
O B-Sibl I-Sibl O O O O O O O O O O O O
O O O O O O O O O
O O O O O B-Hobby O O O O B-Hobby O O O
O O O O O O O
O O O O O O O O O O
O O O O O O O O B-Hobby O O O O O O O O O
O O O O O O O O O
O O O O O O O O O O O O O O O O
O O O O O O O O O O O O O O
O O O O O
O O O O O O O O
O O B-Job O O O O O O O O O O O O O O O O O O O O
O O O O O O O O O
O B-Job O O O O O O O
O O O O O O O O
O O O O B-Hobby O O O O O O O O O O O
O O O O O O O O O O O O O O O O O O O O O O O O O O O O O O
O O O O O O O O O O
O O O O O O O O O O O O O O
O O O O O O O O O O O O O O O
O O B-Hobby I-Hobby I-Hobby O O O O O O O O O O O O O O O O
O O O O O O O O O O O O O O O O O O O O O O O O
O O O O O O O O O O O O O O O O O O O O O O
O O B-Resist O O O
O O O O O O O O O
O O O O O O O O O O O O O
O O O O O O O O O O O O O O O O O
O O O O O O O
O O O O O O O O O
O O O O O O O O O O O O O O O O O O O O O O O O O
O O O O O O O O O
O O O O O O O O O O O O O O O O O O O O O O O O
O O O O O O O O
O O B-Hobby I-Hobby O O O O O O O O O O O O O O O O O O O O O
O O O O O B-Hobby O O O O
O O O O O O O O O
O O B-Gend O O O O
O O O O O O O O O O O O O
O O O O O O O O O O O O O O O O O O O B-Sibl I-Sibl
O O O O O O O O O O O
O O O O O O O O O O O O O O O O O O O O O O O O
O O O O O O O O
O O O O O O O O O O O
O O O O O O O O O O O O O
O O B-Resist O O O O O O O
O O O O O O O O O O O
O O O O O O O O O O O O O O O O
O
O O O O O
O O O O O O O O O O O O O O O O O O O O O O O O O O O O O O O O O O O O O O O O O
O O O O O O O O O O O O O O O O O
O B-Job I-Job I-Job I-Job O O O O O O O
O O O O O O O O O O O O O
O O O O O O O O O O
O B-Job O O O O O O
O O O
O O O O O O O O O
O B-Job I-Job O O O O O O O O O
O O O O O O O O O O O O O O O O O O O
O O O O O O O O O O O O
O B-Resist O O O O O O O
O O O O O O O O O O O O O
O O O O O O O O O O O O O O O O O O O O
O O B-Hobby O O O O O O O O O O O O O O O O O O O O
O O O O O
O O O O O O
O O O O O O O O O O O O O O O O O O O O O O O
O O O O O O O O O O O
O O O O O O O O O O O
O O O O O O O O O
O O O O O
O O O O O O O O O O O
O O O O O O O O O O O O
O O O O O O O O O O O O O O O O O O O
O O B-Hobby I-Hobby I-Hobby O O O O O O O O O O O O O O
O O B-Resist O O O O O
O O O O O O O O O O O O O O O O O
O O O B-Hobby O B-Hobby O O
O B-Hobby O O B-Hobby I-Hobby I-Hobby I-Hobby O O O O O
O O B-Resist O O O O O O
O B-Child I-Child O O O O O O O O O O
O O B-Job I-Job O O O O O O O O
O O O O O O O O O O
O O O O O O O
O O O O O O O O O O O O O O O O O O O O O
O O O B-Hobby O O O O O B-Hobby O O O O O O O O
O O O O O O O O O O
O O O O O O
O O O B-Hobby O O O O O O O O
O B-Sibl I-Sibl O O B-Sibl I-Sibl O O O O
O O O O O O O O O O O O O O O
O O O O O O O O O O O O O O O O O O O O O O O O O O O O O O O O O
O O O O O O B-Marri O O O O O
O O O O O O O O O O O
O O O O O O O O O O O O O O O O O O O O B-Hobby O O
O O O O O O O
O B-Marri O O O O O O
O O O O O O O O O O B-Hobby O O O O O O
O O O O O O O
O O O O O O O O O O O O O O O O O O O O
O O B-Gend O B-Sibl I-Sibl O O O O O
O O
O O O O O O O
O O B-Hobby O O O O O O O O O
O O O O O B-Hobby I-Hobby O O O O O O O O O O
O O
O O O O O O O O O O O O O O O O O O O O O O
O O O O O O O O O O O O O O O O O O O O O
O B-Job I-Job O O O O O O O
O O O O O O O O O O O O O O
O O O O O O O O O O O O O O O O O
O O B-Hobby I-Hobby O O O O O O O O
O O O O O O O O O O O
O O O O O
O O O O O O O O O O O O O O O O O O O
O O B-Job I-Job O O O O O O O
O O O O B-Name O O O O O O
O O B-Resist O O O O O
O O O O O O O O O O O O
O O O O O O O O O O O
O O O O O O O O O O O O O O O O O O O O O O
O O O O O O O O O O O O O O O O O O O
O O B-Name O O O O O O O O
O O O O O O O O O O O O O O O O O O
O B-Resist O O O O O O O O O O O O O O O O O
O B-Job I-Job O O O O O O O
O O O O O O O O O O O O O O O O O O O O O O O O O O O O O O O O O O O O O O O O
O O O O O O O O O O O O O O O O O O O O O O O O O O O O O O O O O
O O O O O O O O O O O O O O O O O O O O
O O O O B-Resist O O O O O O
O O O O O O O O O O O O O O O O
B-Sibl I-Sibl O O B-Sibl I-Sibl O O O O
O O O O B-Hobby O B-Hobby O O O O
O O O B-Hobby O B-Hobby O O O O O O O O O O
O O O O O O O O
O O O O B-Child I-Child O O B-Gend O O B-Resist O O O O O O O O O O O
O O O O O O O O O O O
O O O O
O O O O O O O O O O O O O O
O O O O O O O O O O O O O O O O O O O O O O O O O O O O O O O O O O O O O O O O
O O O O O O O O O O O O
O O O O O O O O O O O O
O O B-Hobby O B-Hobby O O O O
O O O O O O O O O O O O O O O O
O O O O O O O O O O O O O O O O O O O O O O O O O O O O
O O O B-Job O O O O O O O O
O O B-Hobby I-Hobby O O O O O B-Hobby O B-Hobby I-Hobby O O O O O O O O O O O
O O O B-Hobby O O O O O O O O O
O B-Hobby O O O O O
O O B-Hobby O B-Hobby O O O O O O O O O O O O O O O O O O O O O O
O O O O O O O O O
O O O O O O O O O O O O O O O O
O O O O O O O O O
O O O O O O O O O O O O
O B-Name O O B-Resist O O O O O
O O O O O O
O B-Job I-Job O O O O O O O O
O O O O O O O O
O O B-Hobby O O O O O B-Hobby I-Hobby O O O
O O B-Resist O O O O
O O B-Hobby O O O O O O O O O O B-Hobby O O O O O O O O O O O O
O O O O O O O O O O O O O O O O O
O B-Hobby O O O O O B-Hobby O
O
O O O O O O O O O O O O O O O O O O O O O O O O O O O O O O O O O
O O O O O O O O O O O
O O O O O B-Hobby O O O O O O
O O B-Job O O O O O O O O O
O O O O O O O O
O O O O O O O O O O O O O O O O O O O O O O O O
O O B-Job O O O O
O O O O O B-Resist O O O O O O O
O B-Job O O O O O
O O O O O O O O O O O O O
O O O O O O O O O O O O
O O O B-Name I-Name O O
O O O O O O
O O O O O O O O O O O O O
O O O O B-Name O O O O
O O O O O O O O O
O O O O O O O O
O O O O O O O O O O O O O O O O O
O O O B-Resist O O O O O O
O O O O O O O
O O O O O O O O O O
O O O O O O O O O O O O
O O O O O O O O
O O B-Resist O O O O O O O O O
O O O O O O O O O O O O O O O O O O O O O
O O O B-Sibl I-Sibl O B-Sibl I-Sibl O O O O O
O B-Resist O O O O O O O O O
O O O O O
O O O O O O O
O O O O O O O O O O
O O O
O O O O O O O O O O O O O O O O O O O O O O O O O O O O O O O O O O O O O O O
O O O O O O O O O
O B-Job O
O O O O O
O O O O O O O O O O
O O O O O O O O O O
O O O O O O
O O O O O O O O O O O O O O O O O O O O
O O O O O O O O O O O O O O O O O O O
O O B-Resist O O O O O O O O O O O O
O O O O O O O O
O O O O O O O O O
O O O O O O O O O O O O O O O O O O O O
O O O O O O O O O O
O O O O O O O O O O O
O O
O O B-Hobby I-Hobby O O O O O B-Hobby O O O O O B-Hobby I-Hobby O B-Hobby I-Hobby I-Hobby I-Hobby O O O O O O O O O O O O
O O B-Sibl I-Sibl O B-Sibl I-Sibl O O O
O O B-Hobby O O O O
O O O O B-Name O O
O O O O O
O B-Sibl I-Sibl O B-Sibl I-Sibl O O O
O O O O O O O
O O O O O O O
O O B-Sibl I-Sibl O B-Sibl I-Sibl O O O O
O O O O O O O O
O O O O B-Name O O O O
O O B-Hobby I-Hobby O O O O O O O O O
O O B-Hobby O B-Hobby O O O O O O O O
O O O O O O O O O O O O O O O O O O O O O O O O
O O O O O O B-Name O O
B-Hobby I-Hobby O B-Hobby O O O O
O O O O O O O O O O O O O O
O O O O O
O O B-Resist O O
O O O O O O O O O O O O O O O O
O O O O O O O O
O O O O O O O
O B-Job I-Job O O O O
O O O O O O O O O O O O
O O O O O O O O O O O O O O O O O
O O O O O O O
O O O O O O O O O O O
O O B-Resist O O O
O O O O O O B-Hobby O O O O B-Hobby O O
O O O O O O O O O O O O O O O O O O O O O O
O O O O O O O O O O O O O O O O O
O O O O O O O O O O O O O
O O B-Hobby O O O O O O O O O O O O O O O O O
O O O O O O O O O O O O
B-Hobby O O O O O B-Hobby O B-Hobby I-Hobby I-Hobby O
O O O O O O
O O O
O O O O
O O O O O O O
O O O O O O
O O O O O O O O O O O O B-Hobby I-Hobby O O O O O O O O O O O O O O O O O O O O
O O O O
O O O O B-Job O O O O O O O
O O O O O
O O O O O O O O O B-Hobby O O O O O
O O B-Hobby I-Hobby O O O O O O O
O O O O O O O O O O O O O O O O O
O O O B-Resist O O O O O O
O O O O O O O O O O O O O O O
O O O O O O O O O O O O O O O O O O O O O O O B-Hobby I-Hobby O O O O O O O O O O O O
O O B-Resist O O O O O O O
O O O O B-Hobby I-Hobby O O B-Hobby O O O B-Hobby I-Hobby I-Hobby I-Hobby O O O O O O
O O O O O O O O O O O O O O O O O O O O O O O O O O O O O O O
O O O O O O O B-Hobby O O O
O O B-Resist O O O O O
O O O O O
O O O O O O O O O
O O B-Hobby I-Hobby O O O O O O O O O
O B-Hobby O O O B-Hobby O O O O
O B-Age I-Age O O O O O O
O O O O O O O O B-Gend O O O B-Resist O O O O O O O O O O B-Sibl I-Sibl I-Sibl O O B-Sibl I-Sibl I-Sibl
O O O O O O O O O O O O
O O O
B-Child I-Child O B-Child I-Child O O O O O
O O O O O O O O O O O O O O O O O O O O O O O O O O O
O B-Job I-Job O O O O O O O O O O O O O
O O O O B-Hobby O B-Hobby O O O O
O O O O O B-Age I-Age O O B-Job O O O O O B-Hobby O B-Hobby I-Hobby O O
O O O O O O O
O O O O O O B-Resist O O O O O
O O O O O O O O O
O O B-Hobby O O O O O O O O O O O O O O O O
O O B-Resist O O O O O O
O O O O O O O O O
O O O O O O O O O O
O O O O O O O O O O O O O O O O O O O O O O O O O O O O O
O O O O O O O O O O O O O O B-Resist O
O O O O
O O O O O O O O B-Resist O
O O O O O O
O O O O O O O O O O O O O
O O O O O O O O
O O
O O O O O O O
O O B-Hobby I-Hobby O O O O O O O O O O O O O O O O O
O O O O B-Hobby I-Hobby O B-Hobby O O O O O O O O O
O O O O O O O O
O O O B-Resist O O O O O O
O O O O O O O O O O O O
O O O O O O O O O O O O O O O O O
O O B-Hobby O O O O O O O O
O O O O O O O O O O O O O O O O O
O O O O O
O O O O O O O O B-Hobby O O O O O O
O O O O O O O O O O O
O B-Job I-Job O O O O O O O O
O O O B-Child I-Child O O O O O
O O O O O O O O O O O O O O O O O O O O O O O O O O
O O B-Name O O O O O
O O B-Resist O O O O O O O O O O O O O O O O O O O O O O O O O O
O O O O O O O O O
O O O
O B-Job O O O O O O O
O O O
O O O O O O O O O O O O O O
O O O O O
O O O O O O O O O
O O O O O O O O O O O O O O O O
O O O O O O O O O O
O O O O O O O O O O O O O O O O O O
O B-Name O O O O O O
O O B-Resist I-Resist O O O O O O O O
O O O O O O O O O
O O O O O O
O O O O O O O O O O O O O O O O O O
O O B-Marri O O O O O O
O O O O O O O O O O O O O O O O O O O O O
O O O O O O O O O O O O O O
O O O O O B-Job I-Job O O O
O O O O O O O O O O O O O O
O O B-Sibl I-Sibl O B-Sibl I-Sibl O O O O O
O O O B-Gend O O O B-Resist O O O O B-Sibl I-Sibl I-Sibl I-Sibl O O O
O O O O O O O O
O O O O O O O O O O O O O O O O O O O O O O O O O O
O O O O O O O O O O O O O O O
O O O O O O O O O O O O
O O O O O O O O O O O
O O O O O O O O O O O O O
O O O O O O O O O O O O O O O
O O O O O O B-Hobby O O O O O O O O O O O O O O O O O O O O O
O O O O O O O O
O O B-Resist O O O O O
O O B-Hobby I-Hobby O B-Hobby I-Hobby I-Hobby I-Hobby O O O O O O B-Hobby O B-Hobby O O O O O O O O O O O O O O O O O O O O O O O
O O O O O O O O O O O O O O O O O
O O O O O
O O O B-Job I-Job O O O
O O O O O O O O O O O O O O O O O O O O O O
O O O O O O O O O O O O O O O O O O O O O O O O O O
O O O O O O O O O O O
O O O O O O O O
O O O O O O O O
O O O O O B-Hobby I-Hobby O O O O O O O O O O
O O O O
O O O O O
O O O O O O O O
O O B-Hobby O O O O O O O O O O O O O O O O
O O O O O O O O O O
O B-Job I-Job O O O O O O O
O O
O O O B-Hobby O O O O O O O O B-Hobby I-Hobby O O O O O O O O O O
O O O O O O O O O O O
O O O O O O O O O O O O O O O O O O O O O O O O O O
O O O B-Job I-Job O O O O O O
O O O O O O O O O O O O O O O O
O O B-Job I-Job O O O O
O O O O O O O O O O O O O O O O O O O O
O O O O O O O O O O O O O O O O
O O O O O O O O O O
O O O
O O
O O O O O O O O
O O O O O O O O O O O O O O O O O O O O
O O O O O O O O O O O O O O O O O O O O O O O O O O O O O O O O O
O O O O O O
O O O B-Hobby O O O O O O B-Hobby O
O O O O O O O O O O O O O O O O O O O O
O O O B-Hobby I-Hobby O O O O O O O O O O
O O O O O O O O O O O O O O O
O O O O O O O O O O O O O
O O O O O O O
O O O O O
O O O
O B-Child I-Child O O O O O O
O O O O O O O
O O O O O
O O O B-Hobby O B-Hobby I-Hobby I-Hobby I-Hobby O O O O O O O O
O O B-Sibl I-Sibl O O O O O O O O
O O O O O O O O B-Hobby O O O O O O O O O O O O
O B-Job O O O O O O O O O O O O
O O O O O B-Child I-Child I-Child O B-Child I-Child O B-Child I-Child O O O O O O O O
O O O O O O O O O O O O O O O
B-Name O O O O O O O O O O O
O O O O O O O O B-Name O
O O O O O O B-Name O O O O O
O O O O O O O B-Name O O O
O O O O B-Name O
O B-Name O O O O O O O O O
O O O O B-Name O
B-Name
O O O B-Name O
O O O O O O O B-Name O O O O O O O
O O O B-Name O
O B-Name O O O O O O O O
O O O O O B-Name O O O O O O O O O
O O O O O O O O B-Name O O O O O
O O O B-Hobby I-Hobby
O O O B-Hobby I-Hobby O O O O O O B-Hobby I-Hobby I-Hobby I-Hobby O O O O O
O O O O O O O O O B-Hobby I-Hobby I-Hobby O
B-Hobby I-Hobby O O O O O O O O O
O O O O O O O O O O O O B-Hobby I-Hobby I-Hobby O O
O O O O O O O O B-Job O O B-Hobby I-Hobby I-Hobby O O O O O O O O
O O O O O O O O O B-Hobby I-Hobby O O O O O O O O O O O O O
O O O O O O B-Hobby I-Hobby O O
O O O O O O O O O O O O B-Hobby O O O
O O O O O O O O O B-Hobby O O O O O O O O O O O O
O O O O O O O O O O O B-Hobby I-Hobby I-Hobby I-Hobby I-Hobby O O O O O
O O O O O O O O O O O O O O B-Hobby I-Hobby O O O O
O B-Hobby I-Hobby I-Hobby O O O O O O O O O O O O
O O O O O O O O O O O O O B-Hobby I-Hobby O
O O O O O O O O B-Job
O B-Job I-Job O
O O O O O B-Job O O O O O O
O O O O O O B-Job O
O B-Job I-Job O O O O O
O O O O B-Job O
O O O O O O O O O O O O B-Job I-Job O O O O O O
O O B-Job O O O O O O O O O O
O O B-Job O O O O O O O
O O O O O O O O O B-Job O
B-Job O O O O O O O O
O O O O B-Job O O O O O O O O O O
O B-Job I-Job O O O O O O O O
